ok     base                                 course=ACCEPT product=ACCEPT
ok     unknown_depth1                       course=REFUSE product=REFUSE
ok     unknown_depth2                       course=REFUSE product=REFUSE
ok     unknown_depth3                       course=REFUSE product=REFUSE
ok     unknown_depth4                       course=REFUSE product=REFUSE
ok     unknown_in_lease                     course=REFUSE product=REFUSE
ok     display_unknown_section              course=REFUSE product=REFUSE
ok     display_field_not_in_fields          course=REFUSE product=REFUSE
ok     display_field_help_not_in_fields     course=REFUSE product=REFUSE
ok     display_fields_platform_key_age      course=REFUSE product=REFUSE
ok     display_fields_platform_key_epoch    course=REFUSE product=REFUSE
ok     display_fields_status_field          course=ACCEPT product=ACCEPT
ok     display_fields_nested_map            course=REFUSE product=REFUSE
ok     display_options_not_in_enum          course=REFUSE product=REFUSE
ok     display_options_field_without_enum   course=REFUSE product=REFUSE
ok     display_options_not_a_field          course=REFUSE product=REFUSE
ok     display_options_platform_key_server  course=REFUSE product=REFUSE
ok     display_options_status_field         course=ACCEPT product=ACCEPT
ok     display_form_fields_status_field     course=REFUSE product=REFUSE
ok     display_form_fields_unknown          course=REFUSE product=REFUSE
ok     display_form_unknown_key             course=REFUSE product=REFUSE
ok     display_tree_word_remove             course=ACCEPT product=ACCEPT
ok     display_tree_group_by_unknown        course=REFUSE product=REFUSE
ok     display_tree_column_unknown          course=REFUSE product=REFUSE
ok     display_word_not_string              course=REFUSE product=REFUSE
ok     requests_unknown_stamp               course=REFUSE product=REFUSE
ok     requests_unknown_key                 course=REFUSE product=REFUSE
ok     worker_requests_unknown_sub          course=ACCEPT product=ACCEPT
ok     lease_minus1                         course=REFUSE product=REFUSE
ok     lease_forever_quoted                 course=ACCEPT product=ACCEPT
ok     lease_forever                        course=ACCEPT product=ACCEPT
ok     lease_zero                           course=REFUSE product=REFUSE
ok     lease_1e308                          course=REFUSE product=REFUSE
ok     lease_1.0e308                        course=REFUSE product=REFUSE
ok     lease_inf                            course=REFUSE product=REFUSE
ok     lease_Infinity                       course=REFUSE product=REFUSE
ok     lease_.inf                           course=REFUSE product=REFUSE
ok     lease_nan                            course=REFUSE product=REFUSE
ok     lease_true                           course=REFUSE product=REFUSE
ok     lease_false                          course=REFUSE product=REFUSE
ok     lease_no                             course=REFUSE product=REFUSE
ok     lease_OFF                            course=REFUSE product=REFUSE
ok     lease_90_quoted                      course=REFUSE product=REFUSE
ok     lease_90s                            course=REFUSE product=REFUSE
ok     lease_90                             course=ACCEPT product=ACCEPT
ok     lease_hex_0x10                       course=REFUSE product=REFUSE
ok     lease_1_000                          course=REFUSE product=REFUSE
ok     lease_huge_int                       course=REFUSE product=REFUSE
ok     lease_null                           course=REFUSE product=REFUSE
ok     lease_empty_map                      course=REFUSE product=REFUSE
ok     lease_absent                         course=ACCEPT product=ACCEPT
ok     dup_top_key_name                     course=REFUSE product=REFUSE
ok     dup_key_lease_value                  course=REFUSE product=REFUSE
ok     dup_key_in_flow_map                  course=REFUSE product=REFUSE
ok     dup_block_hides_unknown              course=REFUSE product=REFUSE
ok     anchor_alias_display_keys            course=REFUSE product=REFUSE
ok     anchor_merge_key                     course=REFUSE product=REFUSE
ok     block_scalar_hides_tail              course=REFUSE product=REFUSE
ok     block_scalar_hides_lease             course=ACCEPT product=ACCEPT
ok     overindent_hides_tail                course=REFUSE product=REFUSE
ok     multiline_plain_scalar               course=REFUSE product=REFUSE
ok     tab_indent                           course=REFUSE product=REFUSE
ok     non_utf8_in_word                     course=REFUSE product=REFUSE
ok     non_utf8_in_comment                  course=REFUSE product=REFUSE
ok     bom_utf8                             course=REFUSE product=REFUSE
ok     nul_byte_in_word                     course=REFUSE product=REFUSE
ok     deep_flow_200                        course=REFUSE product=REFUSE
ok     deep_flow_5000                       course=REFUSE product=REFUSE
ok     deep_block_500                       course=REFUSE product=REFUSE
ok     size_10mb                            course=ACCEPT product=ACCEPT
ok     yaml_list_toplevel                   course=REFUSE product=REFUSE
ok     yaml_two_documents                   course=REFUSE product=REFUSE
ok     json_default_map                     course=ACCEPT product=ACCEPT
ok     inherit_map                          course=ACCEPT product=ACCEPT
ok     display_kinds_nested                 course=REFUSE product=REFUSE
ok     display_actions_nested               course=REFUSE product=REFUSE
ok     display_options_bool_enum            course=ACCEPT product=ACCEPT
ok     display_word_On_Off_unquoted         course=ACCEPT product=ACCEPT
ok     display_options_yes_key              course=ACCEPT product=ACCEPT
ok     snapshot_unknown_field               course=REFUSE product=REFUSE
ok     spread_by_unknown_field              course=REFUSE product=REFUSE
ok     group_by_unknown_field               course=REFUSE product=REFUSE
ok     retire_when_unknown_field            course=REFUSE product=REFUSE
ok     requests_key_unknown_field           course=REFUSE product=REFUSE
ok     enum_default_not_in_enum             course=REFUSE product=REFUSE
ok     requests_key_stray_brace             course=REFUSE product=REFUSE
ok     requests_stamp_group_without_group_by course=REFUSE product=REFUSE
ok     spread_by_not_string                 course=REFUSE product=REFUSE
ok     key_true_yaml11                      course=REFUSE product=REFUSE
89 cases, 0 differ or missed
exit=0
