=== base_b1 (before) 09:39:27
t=100.0 failed=['a'] waiting=[] state=lagging failures=0 wait=-100.00
t=103.0 failed=['a'] waiting=[] state=lagging failures=0 wait=-103.00
t=106.0 failed=['a'] waiting=[] state=lagging failures=0 wait=-106.00
t=109.0 failed=['a'] waiting=[] state=lagging failures=0 wait=-109.00
t=112.0 failed=['a'] waiting=[] state=lagging failures=0 wait=-112.00
t=115.0 failed=['a'] waiting=[] state=lagging failures=0 wait=-115.00
RESTART_FAILURES_ACCUMULATE False EVER_STALLED False
REV0_FAILING_STATUS Position(state='converged', lag=0, failures=5, retry_at=422.6836140873245)
exit=0
=== base_b3 (before) 09:39:27
t-1: unit u1 stopped: a newer epoch was issued for it
lost ['u1'] mine 1 theirs 2 REFUSED_BEFORE_READ True
after a read: epoch 3
exit=0
=== base_b4 (before) 09:39:27
t=+1s A.may_write=True B.claim=None TWO_WRITERS=False
t=+30s A.may_write=True B.claim=None TWO_WRITERS=False
t=+37.5s A.may_write=True B.claim=None TWO_WRITERS=False
t=+39s A.may_write=True B.claim=None TWO_WRITERS=False
t=+41s A.may_write=False B.claim=None TWO_WRITERS=False
t=+52s A.may_write=False B.claim='net' TWO_WRITERS=False
ANY_TWO_WRITERS False
exit=0
=== base_b5 (before) 09:39:28
{'jitter': 0} REFUSED
{'jitter': nan} REFUSED
{'jitter': 1.5} REFUSED
{'base': 0} ACCEPTED delays [0.0, 0.0, 0.0]
{'base': -1} ACCEPTED delays [-1.0, -2.0, -4.0]
{'base': 10, 'max': 1} ACCEPTED delays [1.0, 1.0, 1.0]
exit=0
=== door_course (before) 09:39:28
this console is OPEN: the cluster's store holds no key set (domain/keys), so nobody is asked who they are and whoever reaches it is an administrator under any name
testsub2: a write failed: testsub2/requests/яяяяяяяяяяяяяяяяяяяяяяяяяяяяяяяяяяяяяяяяяяяяяя…: 322 bytes over this store's limit of 246 — a key is at most 246 bytes here, as a file's name (a / or a % counts three): a shorter name
this console is OPEN: the cluster's store holds no key set (domain/keys), so nobody is asked who they are and whoever reaches it is an administrator under any name
testsub2: a write failed: the stored row testsub2/requests/own-1 does not read (JSONDecodeError: Expecting property name enclosed in double quotes: line 1 column 2 (char 1))
this console is OPEN: the cluster's store holds no key set (domain/keys), so nobody is asked who they are and whoever reaches it is an administrator under any name
testsub2: request t1-1 for t1 ended unperformed 3690 s past its deadline — no worker held its unit to perform it
["cross_person_same_rid", 202, 202, {"id": "r1", "add": "1", "note": "anna's", "unit": "t1", "valid_until": "1757500030", "by": "anna", "at": "1757500000", "of": "c1"}]
["idem_same", 202, 202, true]
["idem_other_body", 422, "key reused"]
["idem_other_user", 422, "key reused"]
["rid_cyr150", 500, "the write failed"]
["rid_cyr201", 400, "bad id"]
["rid_backslash", 202, "a\\b"]
["rid_u2028", 400, "bad id"]
["rid_u0085", 400, "bad id"]
["rid_dotdot", 400, "bad id"]
["rid_slash", 400, "bad id"]
["rid_bidi", 202, "a\u202eb"]
["rid_empty_string", 202, "served-15"]
["note_100000", 400, "too_long"]
["forged_by_in_body", 400, "refused"]
["rid_is_victims_ledger", 202, {"id": "asks-55579b557896d0ce", "asks": "[[\"secret-anna-ask\",1757500000]]", "by": "anna", "at": "1757500000"}]
["garbled_own_row_in_ledger", 500, "the write failed", "the stored row testsub2/requests/own-1 does not read (JSONDecodeError: Expecting"]
["ledger_after_ttl_sweep", 1, 0]
exit=0
=== filings_course (before) 09:39:30
  stamp by: refused
  stamp at: refused
  stamp filed: refused
  written after stamps: []
  file: True
  repeat: False
  conflict: refused
  refile after clear: True
  rid asks-<16hex>: True
  NaN at: ValueError (not RequestRefused): nan is no JSON number
  filings: {'filed': 3, 'again': 1, 'refused': 4}
  heartbeat filings: {'filed': 3, 'again': 1, 'refused': 4}
--- MemVariables
  stamp by: refused
  stamp at: refused
  stamp filed: refused
  written after stamps: []
  file: True
  repeat: False
  conflict: refused
  refile after clear: True
  rid asks-<16hex>: True
  NaN at: ValueError (not RequestRefused): nan is no JSON number
  filings: {'filed': 3, 'again': 1, 'refused': 4}
  heartbeat filings: {'filed': 3, 'again': 1, 'refused': 4}
--- MemVariables under the worker's grant
  stamp by: refused
  stamp at: refused
  stamp filed: refused
  written after stamps: []
  file: True
  repeat: False
  conflict: refused
  refile after clear: True
  rid asks-<16hex>: True
  NaN at: ValueError (not RequestRefused): nan is no JSON number
  filings: {'filed': 3, 'again': 1, 'refused': 4}
  heartbeat filings: {'filed': 3, 'again': 1, 'refused': 4}
--- /metrics producers mentioning `filings`: NONE
exit=0
=== filings_rid_namespace (before) 09:39:31
this console is OPEN: the cluster's store holds no key set (domain/keys), so nobody is asked who they are and whoever reaches it is an administrator under any name
t-1: request testsub/op-1 refused: under this rid stands a different request
worker files fire-1-0: True
person POST same rid, other body -> 202 {'id': 'fire-1-0', 'unit': 'testsub/c1', 'add': '2', 'valid_until': '1757500030', 'by': 'testsub2/t1', 'at': '1757500000', 'filed': '1757500000'}
row standing: {'unit': 'testsub/c1', 'add': '2', 'valid_until': '1757500030', 'by': 'testsub2/t1', 'at': '1757500000', 'filed': '1757500000'}
person's request written anywhere: []
person POST op-1 -> 202
worker files op-1 after the person: refused: request testsub/op-1 refused: under this rid stands a different request
worker filings: {'filed': 1, 'again': 0, 'refused': 1}
exit=0
=== filings_worker_requests_loader (before) 09:39:31
worker.requests ['recc']: LOADED, worker_requests=('recc',), grant=['recc/requests/*']
worker.requests ['testsub2']: LOADED, worker_requests=('testsub2',), grant=['testsub2/requests/*']
worker.requests ['live']: LOADED, worker_requests=('live',), grant=['live/requests/*']
exit=0
=== marks_holder_paths (before) 09:39:32
T1 answer: [{'request': 'r1', 'unit': 'c1', 'error': 'the target did not answer'}] | mark after timeout: {'at': 1757500000, 'instance': 'Murats-MacBook-Pro.local:88235:4eac2c', 'slot': 't-1', 'unit': 'c1'}
T1 row stands: False | mark after clear+sweep: None
T1 DEFECT: the request was answered (refused: did not answer) and its mark never had an outcome
w-2: request r1 not performed — unknown: an earlier instance (Murats-MacBook-Pro.local:88235:ddf83d) began it, and whether it was acted on is not known
T2 B answered: ['unknown: an earlier instance (Murats-Mac'] | A counts: {'performed': 1, 'refused': 0, 'expired': 0, 'unknown': 0} | B counts: {'performed': 0, 'refused': 0, 'expired': 0, 'unknown': 1} | final mark outcome: performed
T2 one request counted 2 times across holders (DOUBLE); calls into the target: A=1 B=0
testsub: request parsed for c1 ended 3665 s past its deadline NOT KNOWN: its holder began it and is gone without saying how it went
T3 after 5 h of reaper turns: garbled row stands=True, parsed (holder gone) row stands=False
T3 DEFECT: a request whose mark does not parse is never ended by the reaper (no holder of the unit)
RESULT DEFECT
exit=1
=== marks_m11_rights (before) 09:39:32
2026-10-10 09:39:33,458 w2cplatform.requests WARNING vms: request x2 for 1 ended unperformed 120 s past its deadline — no worker held its unit to perform it
2026-10-10 09:39:33,458 w2cplatform.requests INFO vms: request x3 was answered (performed) and its answer never reached a heartbeat: its row is cleared
2026-10-10 09:39:33,459 w2cplatform.requests WARNING vms: request x1 for 1 ended 120 s past its deadline NOT KNOWN: its holder began it and is gone without saying how it went
author's M11 reaper test under the cluster's rights: ok
console's delete of a mark refused: Forbidden console may not delete objects/vms/commands/m1
console put_at at a stale index (0) took: False
RESULT OK
exit=0
=== marks_race (before) 09:39:33
m10-fs     N=300: holder answer lost=0, closer wrote first (then overwritten)=9, closer over an outcome=0, two closers wrote {0: 0, 1: 300, 2: 0}, create-only both/none=0, mark brought back after the sweep deleted it=0 -> OK
cluster-fs N=300: holder answer lost=0, closer wrote first (then overwritten)=8, closer over an outcome=0, two closers wrote {0: 0, 1: 300, 2: 0}, create-only both/none=0, mark brought back after the sweep deleted it=0 -> OK
mem-rows   N=300: holder answer lost=0, closer wrote first (then overwritten)=0, closer over an outcome=0, two closers wrote {0: 0, 1: 300, 2: 0}, create-only both/none=0, mark brought back after the sweep deleted it=0 -> OK
stores with no delete (Worker.sweep_marks -> AttributeError there): ['w2cplatform.cluster.objectstore.FsObjectStore']
RESULT OK
exit=0
