=== vet/compile w2cplatform (after) 09:40:42
vmsworker/vms/auto.go:74:16: vmsworker.local/vmsworker/vms.Refused struct literal uses unkeyed fields
vmsworker/vms/auto.go:77:16: vmsworker.local/vmsworker/vms.Refused struct literal uses unkeyed fields
vmsworker/vms/auto.go:83:17: vmsworker.local/vmsworker/vms.Refused struct literal uses unkeyed fields
vmsworker/vms/auto.go:101:13: vmsworker.local/vmsworker/vms.Refused struct literal uses unkeyed fields
vmsworker/vms/auto.go:105:12: vmsworker.local/vmsworker/vms.Refused struct literal uses unkeyed fields
vmsworker/vms/auto.go:109:13: vmsworker.local/vmsworker/vms.Refused struct literal uses unkeyed fields
vmsworker/vms/auto.go:116:11: vmsworker.local/vmsworker/vms.Refused struct literal uses unkeyed fields
vmsworker/vms/auto.go:119:11: vmsworker.local/vmsworker/vms.Refused struct literal uses unkeyed fields
vmsworker/vms/auto.go:122:11: vmsworker.local/vmsworker/vms.Refused struct literal uses unkeyed fields
vmsworker/vms/auto.go:133:12: vmsworker.local/vmsworker/vms.Refused struct literal uses unkeyed fields
vmsworker/vms/auto.go:141:13: vmsworker.local/vmsworker/vms.Refused struct literal uses unkeyed fields
vmsworker/vms/auto.go:146:13: vmsworker.local/vmsworker/vms.Refused struct literal uses unkeyed fields
vmsworker/vms/auto.go:161:11: vmsworker.local/vmsworker/vms.Refused struct literal uses unkeyed fields
vmsworker/vms/auto.go:166:11: vmsworker.local/vmsworker/vms.Refused struct literal uses unkeyed fields
vmsworker/vms/auto.go:284:16: vmsworker.local/vmsworker/vms.Refused struct literal uses unkeyed fields
# vmsworker.local/vmsworker/w2cplatform_test
# [vmsworker.local/vmsworker/w2cplatform_test]
vet: vmsworker/w2cplatform/zz_marks_probe_test.go:203:72: undefined: p.LedgerPrefix
=== go test (after) 09:41:21
=== done (after) 09:41:27
vmsworker/w2cplatform/zz_marks_probe_test.go:203:72: undefined: p.LedgerPrefix
vmsworker/w2cplatform/zz_r14_door_probe_test.go:74:21: undefined: p.LedgerName
vmsworker/w2cplatform/zz_r14_door_probe_test.go:113:35: undefined: p.LedgerName
vmsworker/w2cplatform/zz_r14_filings_platform_test.go:93:26: undefined: p.LedgerPrefix
FAIL	vmsworker.local/vmsworker/w2cplatform [build failed]
=== RUN   TestR14ARefusedActionStopsTheFiring
    zz_r14_filings_vms_test.go:30: MEASURED File err=<nil> ; rec/requests/f-1 written=true
--- PASS: TestR14ARefusedActionStopsTheFiring (0.42s)
=== RUN   TestR14AScenarioNamedAsksIsNeverPerformed
    zz_r14_filings_vms_test.go:56: MEASURED scenario "door": file err=<nil> filed=1 performed=1 outcome="performed" row-stands=true
    zz_r14_filings_vms_test.go:56: MEASURED scenario "asks-door": file err=<nil> filed=1 performed=1 outcome="performed" row-stands=true
--- PASS: TestR14AScenarioNamedAsksIsNeverPerformed (0.14s)
PASS
ok  	vmsworker.local/vmsworker/vms	1.819s
FAIL
exit=1
